// Jest Snapshot v1, https://goo.gl/fbAQLP

exports[`should render correctly 1`] = `
<div>
  <img
    src="/images/404.jpg"
  />
</div>
`;
