// Jest Snapshot v1, https://goo.gl/fbAQLP

exports[`should render correctly 1`] = `
<div
  className="box-layout"
>
  <div
    className="box-layout__box"
  >
    <h1
      className="box-layout__title"
    />
    <p />
    <button
      className="button"
      onClick={[Function]}
    >
      Login via Google
    </button>
  </div>
</div>
`;
